V3 24
FL C:/Users/AMIN/Desktop/Project/Dot_Matrix/keypad.vhd 2019/11/21.23:58:07 P.20131013
EN work/keypad 1574792846 FL C:/Users/AMIN/Desktop/Project/Dot_Matrix/keypad.vhd \
      PB ieee/std_logic_1164 1381692176
AR work/keypad/Behavioral 1574792847 \
      FL C:/Users/AMIN/Desktop/Project/Dot_Matrix/keypad.vhd EN work/keypad 1574792846
FL C:/Users/AMIN/Desktop/Project/Dot_Matrix/loadshiftregisters.vhd 2019/11/21.23:58:07 P.20131013
EN work/loadshiftregisters 1574792844 \
      FL C:/Users/AMIN/Desktop/Project/Dot_Matrix/loadshiftregisters.vhd \
      PB ieee/std_logic_1164 1381692176 PB ieee/NUMERIC_STD 1381692181 \
      PB ieee/STD_LOGIC_UNSIGNED 1381692179
AR work/loadshiftregisters/Behavioral 1574792845 \
      FL C:/Users/AMIN/Desktop/Project/Dot_Matrix/loadshiftregisters.vhd \
      EN work/loadshiftregisters 1574792844
FL C:/Users/AMIN/Desktop/Project/Dot_Matrix/num_decode.vhd 2019/11/16.11:51:48 P.20131013
EN work/num_decode 1574792848 \
      FL C:/Users/AMIN/Desktop/Project/Dot_Matrix/num_decode.vhd \
      PB ieee/std_logic_1164 1381692176
AR work/num_decode/Behavioral 1574792849 \
      FL C:/Users/AMIN/Desktop/Project/Dot_Matrix/num_decode.vhd \
      EN work/num_decode 1574792848
FL C:/Users/AMIN/Desktop/Project/Dot_Matrix/Shift_Registers.vhd 2019/11/21.23:58:07 P.20131013
EN work/Shift_Registers 1574792850 \
      FL C:/Users/AMIN/Desktop/Project/Dot_Matrix/Shift_Registers.vhd \
      PB ieee/std_logic_1164 1381692176 PB ieee/NUMERIC_STD 1381692181 \
      PB ieee/STD_LOGIC_UNSIGNED 1381692179
AR work/Shift_Registers/Behavioral 1574792851 \
      FL C:/Users/AMIN/Desktop/Project/Dot_Matrix/Shift_Registers.vhd \
      EN work/Shift_Registers 1574792850
FL C:/Users/AMIN/Desktop/Project/Dot_Matrix/top.vhd 2019/11/26.21:57:19 P.20131013
EN work/top 1574792852 FL C:/Users/AMIN/Desktop/Project/Dot_Matrix/top.vhd \
      PB ieee/std_logic_1164 1381692176 PB ieee/NUMERIC_STD 1381692181 \
      PB ieee/STD_LOGIC_UNSIGNED 1381692179
AR work/top/Behavioral 1574792853 \
      FL C:/Users/AMIN/Desktop/Project/Dot_Matrix/top.vhd EN work/top 1574792852 \
      CP loadshiftregisters CP keypad CP num_decode CP Shift_Registers
FL C:/Users/Mahdi/Xilinx/Projects/Dot_Matrix/keypad.vhd 2019/11/16.11:21:06 P.20131013
FL C:/Users/Mahdi/Xilinx/Projects/Dot_Matrix/loadshiftregisters.vhd 2019/11/02.12:18:46 P.20131013
FL C:/Users/Mahdi/Xilinx/Projects/Dot_Matrix/num_decode.vhd 2019/11/16.11:51:48 P.20131013
FL C:/Users/Mahdi/Xilinx/Projects/Dot_Matrix/Shift_Registers.vhd 2019/11/16.10:59:14 P.20131013
FL C:/Users/Mahdi/Xilinx/Projects/Dot_Matrix/top.vhd 2019/11/16.10:59:24 P.20131013
